// Jest Snapshot v1, https://goo.gl/fbAQLP

exports[`Forgot password should render component 1`] = `
HTMLCollection [
  <div
    class="container"
  >
    <div
      class="row justify-content-center"
    >
      <div
        class="col-xl-6 col-md-8 col-sm-10 col-12"
      >
        <div
          class="card, shadow"
        >
          <form
            action="#"
            class="p-3"
            novalidate=""
          >
            <h3
              class="text-center"
            >
              Forgot your password?
            </h3>
            <p
              class="text-center mt-3"
            >
              Don't worry! Just fill in your email and we'll send you a link to reset your password
            </p>
            <hr />
            <div
              class="form-group"
            >
              <label
                for="email"
              >
                Email address
              </label>
              <input
                class="form-control"
                id="email"
                name="email"
                placeholder="Email address"
                type="email"
                value=""
              />
            </div>
            <div
              class="d-flex justify-content-center"
            >
              <button
                class="btn undefined"
                disabled=""
                type="submit"
              >
                Send
              </button>
            </div>
            
          </form>
        </div>
      </div>
    </div>
  </div>,
]
`;
