// Jest Snapshot v1, https://goo.gl/fbAQLP

exports[`Registration should render component 1`] = `
HTMLCollection [
  <div
    class="container"
  >
    <div
      class="row justify-content-center"
    >
      <div
        class="col-xl-6 col-md-8 col-sm-10 col-12"
      >
        <div>
          <form
            action="#"
            class="p-3"
            novalidate=""
          >
            <h3
              class="text-center"
            >
              Sign up to WHAT
            </h3>
            <hr />
            <div
              class="form-group"
            >
              <label
                for="firstName"
              >
                First Name
              </label>
              <input
                class="form-control"
                id="firstName"
                name="firstName"
                placeholder="First name"
                value=""
              />
              <p
                class="text-danger mb-0"
              />
            </div>
            <div
              class="form-group"
            >
              <label
                for="lastName"
              >
                Last Name
              </label>
              <input
                class="form-control"
                id="lastName"
                name="lastName"
                placeholder="Last name"
                value=""
              />
              <p
                class="text-danger mb-0"
              />
            </div>
            <div
              class="form-group"
            >
              <label
                for="email"
              >
                Email address
              </label>
              <input
                class="form-control"
                id="email"
                name="email"
                placeholder="Email"
                type="email"
                value=""
              />
              <p
                class="text-danger"
              />
            </div>
            <div
              class="form-group"
            >
              <label
                for="password"
              >
                Password
              </label>
              <input
                autocomplete="on"
                class="form-control"
                id="password"
                name="password"
                placeholder="Password"
                type="password"
                value=""
              />
              <p
                class="text-danger mb-0"
              />
            </div>
            <div
              class="form-group"
            >
              <label
                for="confirm-password"
              >
                Confirm Password
              </label>
              <input
                autocomplete="on"
                class="form-control"
                id="confirm-password"
                name="confirmPassword"
                placeholder="Confirm password"
                type="password"
                value=""
              />
              <p
                class="text-danger mb-0"
              />
            </div>
            <div
              class="d-flex justify-content-center"
            >
              <button
                class="btn undefined btn btn-block btn-info"
                type="submit"
              >
                Sign up
              </button>
            </div>
            <p
              class="text-danger text-center mt-2"
            />
            <div
              class="text-center mt-3"
            >
              <p>
                Already have an account? 
                <a
                  href="/auth"
                >
                  Log in
                </a>
              </p>
            </div>
          </form>
        </div>
      </div>
    </div>
  </div>,
]
`;

exports[`Registration should validate the form 1`] = `
Array [
  <p
    class="text-danger mb-0"
  >
    This field is required
  </p>,
  <p
    class="text-danger mb-0"
  >
    This field is required
  </p>,
  <p
    class="text-danger"
  >
    This field is required
  </p>,
  <p
    class="text-danger mb-0"
  >
    This field is required
  </p>,
  <p
    class="text-danger mb-0"
  >
    This field is required
  </p>,
]
`;
