// Jest Snapshot v1, https://goo.gl/fbAQLP

exports[`Change password should render component 1`] = `
HTMLCollection [
  <div
    class="container card shadow col-10"
  >
    <div
      class="container pb-2"
    >
      <h3
        class="pt-3"
      >
        Change Password
      </h3>
      <hr />
      <form
        action="#"
      >
        <div
          class="container px-0"
        >
          <div
            class="row m-0"
          >
            <div
              class="col-md-4 pt-1 px-0"
            >
              <label
                class="font-weight-bold"
                for="email"
              >
                Email address:
              </label>
            </div>
            <div
              class="col-md-8 px-0"
            >
              <input
                class="form-control bg-white"
                disabled=""
                id="email"
                name="email"
                placeholder="Email address"
                type="email"
                value=""
              />
            </div>
          </div>
          <div
            class="row m-0 pt-3"
          >
            <div
              class="col-md-4 pt-1 px-0"
            >
              <label
                class="font-weight-bold"
                for="currentPassword"
              >
                Current password:
              </label>
            </div>
            <div
              class="col-md-8 px-0"
            >
              <input
                class="form-control"
                id="currentPassword"
                name="currentPassword"
                placeholder="Current password"
                type="password"
                value=""
              />
            </div>
          </div>
          <div
            class="row m-0 pt-3"
          >
            <div
              class="col-md-4 pt-1 px-0"
            >
              <label
                class="font-weight-bold"
                for="newPassword"
              >
                New password:
              </label>
            </div>
            <div
              class="col-md-8 px-0"
            >
              <input
                class="form-control"
                id="newPassword"
                name="newPassword"
                placeholder="New password"
                type="password"
                value=""
              />
            </div>
          </div>
          <div
            class="row m-0 pt-3"
          >
            <div
              class="col-md-4 pt-1 px-0"
            >
              <label
                class="font-weight-bold"
                for="confirmNewPassword"
              >
                Confirm password:
              </label>
            </div>
            <div
              class="col-md-8 px-0"
            >
              <input
                class="form-control"
                id="confirmNewPassword"
                name="confirmNewPassword"
                placeholder="Confirm password"
                type="password"
                value=""
              />
            </div>
          </div>
          <div
            class="row m-0 py-3"
          >
            <div
              class="col-md-3 col-sm-4 col-6 pl-0 pr-1"
            >
              <button
                class="btn undefined w-100"
                type="button"
              >
                Cancel
              </button>
            </div>
            <div
              class="col-md-3 offset-md-6 col-sm-4 offset-sm-4 col-6 pl-1 pr-0"
            >
              <button
                class="btn undefined  w-100"
                disabled=""
                type="submit"
              >
                Save
              </button>
            </div>
          </div>
        </div>
      </form>
    </div>
  </div>,
  <div
    class="container pb-2"
  >
    <h3
      class="pt-3"
    >
      Change Password
    </h3>
    <hr />
    <form
      action="#"
    >
      <div
        class="container px-0"
      >
        <div
          class="row m-0"
        >
          <div
            class="col-md-4 pt-1 px-0"
          >
            <label
              class="font-weight-bold"
              for="email"
            >
              Email address:
            </label>
          </div>
          <div
            class="col-md-8 px-0"
          >
            <input
              class="form-control bg-white"
              disabled=""
              id="email"
              name="email"
              placeholder="Email address"
              type="email"
              value=""
            />
          </div>
        </div>
        <div
          class="row m-0 pt-3"
        >
          <div
            class="col-md-4 pt-1 px-0"
          >
            <label
              class="font-weight-bold"
              for="currentPassword"
            >
              Current password:
            </label>
          </div>
          <div
            class="col-md-8 px-0"
          >
            <input
              class="form-control"
              id="currentPassword"
              name="currentPassword"
              placeholder="Current password"
              type="password"
              value=""
            />
          </div>
        </div>
        <div
          class="row m-0 pt-3"
        >
          <div
            class="col-md-4 pt-1 px-0"
          >
            <label
              class="font-weight-bold"
              for="newPassword"
            >
              New password:
            </label>
          </div>
          <div
            class="col-md-8 px-0"
          >
            <input
              class="form-control"
              id="newPassword"
              name="newPassword"
              placeholder="New password"
              type="password"
              value=""
            />
          </div>
        </div>
        <div
          class="row m-0 pt-3"
        >
          <div
            class="col-md-4 pt-1 px-0"
          >
            <label
              class="font-weight-bold"
              for="confirmNewPassword"
            >
              Confirm password:
            </label>
          </div>
          <div
            class="col-md-8 px-0"
          >
            <input
              class="form-control"
              id="confirmNewPassword"
              name="confirmNewPassword"
              placeholder="Confirm password"
              type="password"
              value=""
            />
          </div>
        </div>
        <div
          class="row m-0 py-3"
        >
          <div
            class="col-md-3 col-sm-4 col-6 pl-0 pr-1"
          >
            <button
              class="btn undefined w-100"
              type="button"
            >
              Cancel
            </button>
          </div>
          <div
            class="col-md-3 offset-md-6 col-sm-4 offset-sm-4 col-6 pl-1 pr-0"
          >
            <button
              class="btn undefined  w-100"
              disabled=""
              type="submit"
            >
              Save
            </button>
          </div>
        </div>
      </div>
    </form>
  </div>,
  <div
    class="container px-0"
  >
    <div
      class="row m-0"
    >
      <div
        class="col-md-4 pt-1 px-0"
      >
        <label
          class="font-weight-bold"
          for="email"
        >
          Email address:
        </label>
      </div>
      <div
        class="col-md-8 px-0"
      >
        <input
          class="form-control bg-white"
          disabled=""
          id="email"
          name="email"
          placeholder="Email address"
          type="email"
          value=""
        />
      </div>
    </div>
    <div
      class="row m-0 pt-3"
    >
      <div
        class="col-md-4 pt-1 px-0"
      >
        <label
          class="font-weight-bold"
          for="currentPassword"
        >
          Current password:
        </label>
      </div>
      <div
        class="col-md-8 px-0"
      >
        <input
          class="form-control"
          id="currentPassword"
          name="currentPassword"
          placeholder="Current password"
          type="password"
          value=""
        />
      </div>
    </div>
    <div
      class="row m-0 pt-3"
    >
      <div
        class="col-md-4 pt-1 px-0"
      >
        <label
          class="font-weight-bold"
          for="newPassword"
        >
          New password:
        </label>
      </div>
      <div
        class="col-md-8 px-0"
      >
        <input
          class="form-control"
          id="newPassword"
          name="newPassword"
          placeholder="New password"
          type="password"
          value=""
        />
      </div>
    </div>
    <div
      class="row m-0 pt-3"
    >
      <div
        class="col-md-4 pt-1 px-0"
      >
        <label
          class="font-weight-bold"
          for="confirmNewPassword"
        >
          Confirm password:
        </label>
      </div>
      <div
        class="col-md-8 px-0"
      >
        <input
          class="form-control"
          id="confirmNewPassword"
          name="confirmNewPassword"
          placeholder="Confirm password"
          type="password"
          value=""
        />
      </div>
    </div>
    <div
      class="row m-0 py-3"
    >
      <div
        class="col-md-3 col-sm-4 col-6 pl-0 pr-1"
      >
        <button
          class="btn undefined w-100"
          type="button"
        >
          Cancel
        </button>
      </div>
      <div
        class="col-md-3 offset-md-6 col-sm-4 offset-sm-4 col-6 pl-1 pr-0"
      >
        <button
          class="btn undefined  w-100"
          disabled=""
          type="submit"
        >
          Save
        </button>
      </div>
    </div>
  </div>,
]
`;

exports[`Reset password should render component 1`] = `
HTMLCollection [
  <div
    class="container card shadow col-10"
  >
    <div
      class="container pb-2"
    >
      <h3
        class="pt-3"
      >
        Change Password
      </h3>
      <hr />
      <form
        action="#"
      >
        <div
          class="container px-0"
        >
          <div
            class="row m-0"
          >
            <div
              class="col-md-4 pt-1 px-0"
            >
              <label
                class="font-weight-bold"
                for="email"
              >
                Email address:
              </label>
            </div>
            <div
              class="col-md-8 px-0"
            >
              <input
                class="form-control bg-white"
                disabled=""
                id="email"
                name="email"
                placeholder="Email address"
                type="email"
                value=""
              />
            </div>
          </div>
          <div
            class="row m-0 pt-3"
          >
            <div
              class="col-md-4 pt-1 px-0"
            >
              <label
                class="font-weight-bold"
                for="currentPassword"
              >
                Current password:
              </label>
            </div>
            <div
              class="col-md-8 px-0"
            >
              <input
                class="form-control"
                id="currentPassword"
                name="currentPassword"
                placeholder="Current password"
                type="password"
                value=""
              />
            </div>
          </div>
          <div
            class="row m-0 pt-3"
          >
            <div
              class="col-md-4 pt-1 px-0"
            >
              <label
                class="font-weight-bold"
                for="newPassword"
              >
                New password:
              </label>
            </div>
            <div
              class="col-md-8 px-0"
            >
              <input
                class="form-control"
                id="newPassword"
                name="newPassword"
                placeholder="New password"
                type="password"
                value=""
              />
            </div>
          </div>
          <div
            class="row m-0 pt-3"
          >
            <div
              class="col-md-4 pt-1 px-0"
            >
              <label
                class="font-weight-bold"
                for="confirmNewPassword"
              >
                Confirm password:
              </label>
            </div>
            <div
              class="col-md-8 px-0"
            >
              <input
                class="form-control"
                id="confirmNewPassword"
                name="confirmNewPassword"
                placeholder="Confirm password"
                type="password"
                value=""
              />
            </div>
          </div>
          <div
            class="row m-0 py-3"
          >
            <div
              class="col-md-3 col-sm-4 col-6 pl-0 pr-1"
            >
              <button
                class="btn undefined w-100"
                type="button"
              >
                Cancel
              </button>
            </div>
            <div
              class="col-md-3 offset-md-6 col-sm-4 offset-sm-4 col-6 pl-1 pr-0"
            >
              <button
                class="btn undefined  w-100"
                disabled=""
                type="submit"
              >
                Save
              </button>
            </div>
          </div>
        </div>
      </form>
    </div>
  </div>,
  <div
    class="container pb-2"
  >
    <h3
      class="pt-3"
    >
      Change Password
    </h3>
    <hr />
    <form
      action="#"
    >
      <div
        class="container px-0"
      >
        <div
          class="row m-0"
        >
          <div
            class="col-md-4 pt-1 px-0"
          >
            <label
              class="font-weight-bold"
              for="email"
            >
              Email address:
            </label>
          </div>
          <div
            class="col-md-8 px-0"
          >
            <input
              class="form-control bg-white"
              disabled=""
              id="email"
              name="email"
              placeholder="Email address"
              type="email"
              value=""
            />
          </div>
        </div>
        <div
          class="row m-0 pt-3"
        >
          <div
            class="col-md-4 pt-1 px-0"
          >
            <label
              class="font-weight-bold"
              for="currentPassword"
            >
              Current password:
            </label>
          </div>
          <div
            class="col-md-8 px-0"
          >
            <input
              class="form-control"
              id="currentPassword"
              name="currentPassword"
              placeholder="Current password"
              type="password"
              value=""
            />
          </div>
        </div>
        <div
          class="row m-0 pt-3"
        >
          <div
            class="col-md-4 pt-1 px-0"
          >
            <label
              class="font-weight-bold"
              for="newPassword"
            >
              New password:
            </label>
          </div>
          <div
            class="col-md-8 px-0"
          >
            <input
              class="form-control"
              id="newPassword"
              name="newPassword"
              placeholder="New password"
              type="password"
              value=""
            />
          </div>
        </div>
        <div
          class="row m-0 pt-3"
        >
          <div
            class="col-md-4 pt-1 px-0"
          >
            <label
              class="font-weight-bold"
              for="confirmNewPassword"
            >
              Confirm password:
            </label>
          </div>
          <div
            class="col-md-8 px-0"
          >
            <input
              class="form-control"
              id="confirmNewPassword"
              name="confirmNewPassword"
              placeholder="Confirm password"
              type="password"
              value=""
            />
          </div>
        </div>
        <div
          class="row m-0 py-3"
        >
          <div
            class="col-md-3 col-sm-4 col-6 pl-0 pr-1"
          >
            <button
              class="btn undefined w-100"
              type="button"
            >
              Cancel
            </button>
          </div>
          <div
            class="col-md-3 offset-md-6 col-sm-4 offset-sm-4 col-6 pl-1 pr-0"
          >
            <button
              class="btn undefined  w-100"
              disabled=""
              type="submit"
            >
              Save
            </button>
          </div>
        </div>
      </div>
    </form>
  </div>,
  <div
    class="container px-0"
  >
    <div
      class="row m-0"
    >
      <div
        class="col-md-4 pt-1 px-0"
      >
        <label
          class="font-weight-bold"
          for="email"
        >
          Email address:
        </label>
      </div>
      <div
        class="col-md-8 px-0"
      >
        <input
          class="form-control bg-white"
          disabled=""
          id="email"
          name="email"
          placeholder="Email address"
          type="email"
          value=""
        />
      </div>
    </div>
    <div
      class="row m-0 pt-3"
    >
      <div
        class="col-md-4 pt-1 px-0"
      >
        <label
          class="font-weight-bold"
          for="currentPassword"
        >
          Current password:
        </label>
      </div>
      <div
        class="col-md-8 px-0"
      >
        <input
          class="form-control"
          id="currentPassword"
          name="currentPassword"
          placeholder="Current password"
          type="password"
          value=""
        />
      </div>
    </div>
    <div
      class="row m-0 pt-3"
    >
      <div
        class="col-md-4 pt-1 px-0"
      >
        <label
          class="font-weight-bold"
          for="newPassword"
        >
          New password:
        </label>
      </div>
      <div
        class="col-md-8 px-0"
      >
        <input
          class="form-control"
          id="newPassword"
          name="newPassword"
          placeholder="New password"
          type="password"
          value=""
        />
      </div>
    </div>
    <div
      class="row m-0 pt-3"
    >
      <div
        class="col-md-4 pt-1 px-0"
      >
        <label
          class="font-weight-bold"
          for="confirmNewPassword"
        >
          Confirm password:
        </label>
      </div>
      <div
        class="col-md-8 px-0"
      >
        <input
          class="form-control"
          id="confirmNewPassword"
          name="confirmNewPassword"
          placeholder="Confirm password"
          type="password"
          value=""
        />
      </div>
    </div>
    <div
      class="row m-0 py-3"
    >
      <div
        class="col-md-3 col-sm-4 col-6 pl-0 pr-1"
      >
        <button
          class="btn undefined w-100"
          type="button"
        >
          Cancel
        </button>
      </div>
      <div
        class="col-md-3 offset-md-6 col-sm-4 offset-sm-4 col-6 pl-1 pr-0"
      >
        <button
          class="btn undefined  w-100"
          disabled=""
          type="submit"
        >
          Save
        </button>
      </div>
    </div>
  </div>,
]
`;
