// Jest Snapshot v1, https://goo.gl/fbAQLP

exports[`Auth should render component 1`] = `
HTMLCollection [
  <div
    class="container"
  >
    <div
      class="row justify-content-center"
    >
      <div
        class="col-xl-6 col-md-8 col-sm-10 col-12"
      >
        <div
          class="card shadow"
        >
          <form
            action="#"
            class="p-3"
            novalidate=""
          >
            <h3
              class="text-center"
            >
              Sign in to WHAT
            </h3>
            <hr />
            <div
              class="form-group"
            >
              <label
                for="email"
              >
                Email address
              </label>
              <input
                class="form-control"
                id="email"
                name="email"
                placeholder="Email address"
                type="email"
                value=""
              />
              <p
                class="text-danger"
              />
            </div>
            <div
              class="form-group"
            >
              <label
                for="password"
              >
                Password
              </label>
              <input
                autocomplete="on"
                class="form-control"
                id="password"
                name="password"
                placeholder="Password"
                type="password"
                value=""
              />
              <p
                class="text-danger"
              />
            </div>
            <div
              class="d-flex justify-content-center"
            >
              <button
                class="btn undefined"
                type="submit"
              >
                Sign in
              </button>
            </div>
            
            <div
              class="d-flex justify-content-between mt-3"
            >
              <div
                class="text-center"
              >
                <p>
                  <a
                    href="/forgot-password"
                  >
                    Forgot Password?
                  </a>
                </p>
              </div>
              <div
                class="text-right"
              >
                <p>
                  Don't have an account? 
                  <a
                    href="/registration"
                  >
                    Registration
                  </a>
                </p>
              </div>
            </div>
          </form>
        </div>
      </div>
    </div>
  </div>,
]
`;

exports[`Auth should validate the form 1`] = `
Array [
  <p
    class="text-danger"
  >
    This field is required
  </p>,
  <p
    class="text-danger"
  >
    This field is required
  </p>,
]
`;
